// Jest Snapshot v1, https://goo.gl/fbAQLP

exports[`HorizontalScroll Component Render Loader component 1`] = `
<div>
  <div
    class=""
  >
    carregando...
  </div>
</div>
`;
